    Blocking waiting for file lock on artifact directory
    Finished `dev` profile [unoptimized + debuginfo] target(s) in 1.71s
     Running `target/debug/bazoozoo --client`
[DEBUG NETWORK] Reçu 1 paquets
[DEBUG NETWORK] Reçu HostSync (JSON) de 83aaa0fa-9662-4743-91cb-e2522128e462
[DEBUG NETWORK] Reçu 2 paquets
[DEBUG NETWORK] Reçu HostSync (JSON) de 83aaa0fa-9662-4743-91cb-e2522128e462
[DEBUG NETWORK] Reçu HostSync (JSON) de 83aaa0fa-9662-4743-91cb-e2522128e462
[DEBUG NETWORK] Reçu 1 paquets
[DEBUG NETWORK] Reçu HostSync (JSON) de 83aaa0fa-9662-4743-91cb-e2522128e462
[DEBUG NETWORK] Reçu 1 paquets
[DEBUG NETWORK] Reçu HostSync (JSON) de 83aaa0fa-9662-4743-91cb-e2522128e462
[DEBUG NETWORK] Reçu 1 paquets
[DEBUG NETWORK] Reçu HostSync (JSON) de 83aaa0fa-9662-4743-91cb-e2522128e462
[DEBUG NETWORK] Reçu 1 paquets
[DEBUG NETWORK] Reçu HostSync (JSON) de 83aaa0fa-9662-4743-91cb-e2522128e462
[DEBUG NETWORK] Reçu 1 paquets
[DEBUG NETWORK] Reçu HostSync (JSON) de 83aaa0fa-9662-4743-91cb-e2522128e462
[DEBUG NETWORK] Reçu 1 paquets
[DEBUG NETWORK] Reçu HostSync (JSON) de 83aaa0fa-9662-4743-91cb-e2522128e462
[DEBUG NETWORK] Reçu 1 paquets
[DEBUG NETWORK] Reçu HostSync (JSON) de 83aaa0fa-9662-4743-91cb-e2522128e462
[DEBUG NETWORK] Reçu 1 paquets
[DEBUG NETWORK] Reçu HostSync (JSON) de 83aaa0fa-9662-4743-91cb-e2522128e462
